../Core/Src/main.c:101:6:MEMS_Write	16	static
../Core/Src/main.c:107:6:MEMS_Read	16	static
../Core/Src/main.c:114:6:Green_LED_Task	24	static
../Core/Src/main.c:123:6:vHandlerTask	24	static
../Core/Src/main.c:142:6:HAL_GPIO_EXTI_Callback	24	static,ignoring_inline_asm
../Core/Src/main.c:157:5:main	16	static
../Core/Src/main.c:209:6:SystemClock_Config	88	static
../Core/Src/main.c:246:13:MX_SPI1_Init	8	static
../Core/Src/main.c:280:13:MX_GPIO_Init	40	static
../Core/Src/main.c:332:6:HAL_TIM_PeriodElapsedCallback	16	static
../Core/Src/main.c:348:6:Error_Handler	4	static,ignoring_inline_asm
